// Jest Snapshot v1, https://goo.gl/fbAQLP

exports[`utils / cssSnapshots with goToDefinition enabled should return a line-accurate dts file 1`] = `
"declare let classes: {

};
export default classes;
"
`;
